// Jest Snapshot v1, https://goo.gl/fbAQLP

exports[`Name Element renders emoticon name properly 1`] = `
<span
  class="Name"
>
  Test Emoticon Name
</span>
`;
