// Jest Snapshot v1, https://goo.gl/fbAQLP

exports[`SelectedScreen Element renders selected screen properly 1`] = `
<div
  class="SelectedScreen"
  data-testid="SelectedScreen"
/>
`;
