// Jest Snapshot v1, https://goo.gl/fbAQLP

exports[`TopBar Element renders top bar properly 1`] = `
<div
  class="TopBar"
  data-testid="TopBar"
>
  <div
    class="wrapper"
  >
    TopBar Test Child
  </div>
</div>
`;
